     Removed 3837 files, 952.2MiB total
   Compiling libc v0.2.185
   Compiling proc-macro2 v1.0.106
   Compiling unicode-ident v1.0.24
   Compiling quote v1.0.45
   Compiling typenum v1.19.0
   Compiling version_check v0.9.5
   Compiling find-msvc-tools v0.1.9
   Compiling generic-array v0.14.7
   Compiling shlex v1.3.0
   Compiling pkg-config v0.3.33
   Compiling cfg-if v1.0.4
   Compiling autocfg v1.5.0
   Compiling syn v2.0.117
   Compiling jobserver v0.1.34
   Compiling cc v1.2.60
   Compiling num-traits v0.2.19
   Compiling crc32fast v1.5.0
   Compiling anyhow v1.0.102
   Compiling zstd-sys v2.0.16+zstd.1.5.7
   Compiling bzip2-sys v0.1.13+1.0.8
   Compiling crypto-common v0.1.7
   Compiling zstd-safe v5.0.2+zstd.1.5.2
   Compiling crossbeam-utils v0.8.21
   Compiling subtle v2.6.1
   Compiling block-buffer v0.10.4
   Compiling digest v0.10.7
   Compiling simd-adler32 v0.3.9
   Compiling cpufeatures v0.2.17
   Compiling memchr v2.8.0
   Compiling zerocopy v0.8.48
   Compiling crossbeam-epoch v0.9.18
   Compiling zerocopy-derive v0.8.48
   Compiling num-integer v0.1.46
   Compiling rayon-core v1.13.0
   Compiling crossbeam-deque v0.8.6
   Compiling equator-macro v0.4.2
   Compiling inout v0.1.4
   Compiling base64ct v1.8.3
   Compiling adler2 v2.0.1
   Compiling powerfmt v0.2.0
   Compiling rand_core v0.6.4
   Compiling equator v0.4.2
   Compiling password-hash v0.4.2
   Compiling miniz_oxide v0.8.9
   Compiling deranged v0.5.8
   Compiling cipher v0.4.4
   Compiling sha2 v0.10.9
   Compiling hmac v0.12.1
   Compiling getrandom v0.2.17
   Compiling either v1.15.0
   Compiling num-conv v0.2.1
   Compiling time-core v0.1.8
   Compiling time v0.3.47
   Compiling pbkdf2 v0.11.0
   Compiling flate2 v1.1.9
   Compiling bzip2 v0.4.4
   Compiling aes v0.8.4
   Compiling aligned-vec v0.6.4
   Compiling num-bigint v0.4.6
   Compiling sha1 v0.10.6
   Compiling stable_deref_trait v1.2.1
   Compiling thiserror v2.0.18
   Compiling arrayvec v0.7.6
   Compiling serde_core v1.0.228
   Compiling byteorder v1.5.0
   Compiling constant_time_eq v0.1.5
   Compiling num-rational v0.4.2
   Compiling as-slice v0.2.1
   Compiling v_frame v0.3.9
   Compiling rayon v1.12.0
   Compiling thiserror-impl v2.0.18
   Compiling zstd v0.11.2+zstd.1.5.2
   Compiling paste v1.0.15
   Compiling zip v0.6.6
   Compiling built v0.8.0
   Compiling av-scenechange v0.14.1
   Compiling log v0.4.29
   Compiling zmij v1.0.21
   Compiling torch-sys v0.15.0
   Compiling rav1e v0.8.1
   Compiling aligned v0.4.3
   Compiling half v2.7.1
   Compiling arg_enum_proc_macro v0.3.4
   Compiling profiling-procmacros v1.0.17
   Compiling nom v8.0.0
   Compiling no_std_io2 v0.9.3
   Compiling matrixmultiply v0.3.10
   Compiling serde_json v1.0.149
   Compiling y4m v0.8.0
   Compiling serde v1.0.228
   Compiling quick-error v2.0.1
   Compiling pastey v0.1.1
   Compiling utf8parse v0.2.2
   Compiling anstyle-parse v1.0.0
   Compiling av1-grain v0.2.5
   Compiling bitstream-io v4.10.0
   Compiling profiling v1.0.17
   Compiling maybe-rayon v0.1.1
   Compiling ppv-lite86 v0.2.21
   Compiling itertools v0.14.0
   Compiling serde_derive v1.0.228
   Compiling fax_derive v0.2.0
   Compiling num-derive v0.4.2
   Compiling simd_helpers v0.1.0
   Compiling anstyle-query v1.1.5
   Compiling zune-core v0.5.1
   Compiling anstyle v1.0.14
   Compiling imgref v1.12.0
   Compiling portable-atomic v1.13.1
   Compiling weezl v0.1.12
   Compiling new_debug_unreachable v1.0.6
   Compiling noop_proc_macro v0.3.0
   Compiling rawpointer v0.2.1
   Compiling thiserror v1.0.69
   Compiling itoa v1.0.18
   Compiling colorchoice v1.0.5
   Compiling is_terminal_polyfill v1.70.2
   Compiling anstream v1.0.0
   Compiling loop9 v0.1.5
   Compiling zune-jpeg v0.5.15
   Compiling fax v0.2.6
   Compiling rand_chacha v0.3.1
   Compiling avif-serialize v0.8.8
   Compiling thiserror-impl v1.0.69
   Compiling fdeflate v0.3.7
   Compiling zune-inflate v0.2.54
   Compiling num-complex v0.4.6
   Compiling tch v0.15.0
   Compiling bit_field v0.10.3
   Compiling pxfm v0.1.28
   Compiling strsim v0.11.1
   Compiling smallvec v1.15.1
   Compiling lebe v0.5.3
   Compiling rgb v0.8.53
   Compiling unicode-width v0.2.2
   Compiling once_cell v1.21.4
   Compiling heck v0.5.0
   Compiling byteorder-lite v0.1.0
   Compiling bytemuck v1.25.0
   Compiling clap_lex v1.1.0
   Compiling bitflags v2.11.1
   Compiling color_quant v1.1.0
   Compiling gif v0.14.2
   Compiling png v0.18.1
   Compiling clap_builder v4.6.0
   Compiling qoi v0.4.1
   Compiling moxcms v0.8.1
   Compiling image-webp v0.2.4
   Compiling clap_derive v4.6.1
   Compiling console v0.15.11
   Compiling ravif v0.13.0
   Compiling exr v1.74.0
   Compiling ndarray v0.15.6
   Compiling rand v0.8.5
   Compiling tiff v0.11.3
   Compiling safetensors v0.3.3
   Compiling number_prefix v0.4.0
   Compiling iana-time-zone v0.1.65
   Compiling lazy_static v1.5.0
   Compiling chrono v0.4.44
   Compiling indicatif v0.17.11
   Compiling image v0.25.10
   Compiling clap v4.6.1
   Compiling nerv-rust v0.1.0 (/nas/longleaf/home/andrewsu/comp590/nerv-rust)
    Finished `release` profile [optimized] target(s) in 3m 30s
BUILD_EXIT_CODE=0
