Thu Apr 16 00:28:29 2026       
+-----------------------------------------------------------------------------------------+
| NVIDIA-SMI 580.105.08             Driver Version: 580.105.08     CUDA Version: 13.0     |
+-----------------------------------------+------------------------+----------------------+
| GPU  Name                 Persistence-M | Bus-Id          Disp.A | Volatile Uncorr. ECC |
| Fan  Temp   Perf          Pwr:Usage/Cap |           Memory-Usage | GPU-Util  Compute M. |
|                                         |                        |               MIG M. |
|=========================================+========================+======================|
|   0  Tesla V100-SXM2-16GB           On  |   00000000:1C:00.0 Off |                    0 |
| N/A   37C    P0             69W /  300W |       0MiB /  16384MiB |      0%      Default |
---
Args { vid: [-1], scale: 1, frame_gap: 1, augment: 0, dataset: "bunny", test_gap: 1, embed: "1.25_40", stem_dim_num: "512_1", fc_hw_dim: "9_16_26", expansion: 1.0, reduction: 2, strides: [5, 2, 2, 2, 2], num_blocks: 1, norm: "none", act: "swish", lower_width: 96, single_res: true, conv_type: "conv", workers: 4, batch_size: 1, not_resume_epoch: false, epochs: 300, cycles: 1, warmup: 0.2, lr: 0.0005, lr_type: "cosine", lr_steps: [], beta: 0.5, loss_type: "Fusion6", lw: 1.0, sigmoid: false, eval_only: false, eval_freq: 50, quant_bit: -1, quant_axis: 0, dump_images: false, eval_fps: false, prune_steps: [0.0], prune_ratio: 1.0, manual_seed: 1, debug: false, print_freq: 50, weight: "None", overwrite: false, outf: "bunny_ab", suffix: "" }
Model Params: 3.2019M
Dataset size: 132 frames
[2026/04/16 00:28:32] Epoch[1/300], Step [1/132], lr:5.00e-5 PSNR: 11.09, MSSSIM: 0.2998
[2026/04/16 00:28:36] Epoch[1/300], Step [51/132], lr:5.28e-5 PSNR: 11.90, MSSSIM: 0.3189
[2026/04/16 00:28:40] Epoch[1/300], Step [101/132], lr:5.57e-5 PSNR: 12.00, MSSSIM: 0.3400
[2026/04/16 00:28:42] Epoch[1/300], Step [132/132], lr:5.74e-5 PSNR: 12.09, MSSSIM: 0.3477
	current: 12.09	 best: 12.09	 msssim_best: 0.3477	 Time/epoch: Current:11.69 Average:11.69
[2026/04/16 00:28:42] Epoch[2/300], Step [1/132], lr:5.75e-5 PSNR: 12.17, MSSSIM: 0.3590
[2026/04/16 00:28:46] Epoch[2/300], Step [51/132], lr:6.03e-5 PSNR: 12.37, MSSSIM: 0.3725
[2026/04/16 00:28:50] Epoch[2/300], Step [101/132], lr:6.32e-5 PSNR: 12.40, MSSSIM: 0.3884
[2026/04/16 00:28:52] Epoch[2/300], Step [132/132], lr:6.49e-5 PSNR: 12.52, MSSSIM: 0.3909
	current: 12.52	 best: 12.52	 msssim_best: 0.3909	 Time/epoch: Current:9.78 Average:10.77
[2026/04/16 00:28:52] Epoch[3/300], Step [1/132], lr:6.50e-5 PSNR: 12.57, MSSSIM: 0.3670
[2026/04/16 00:28:56] Epoch[3/300], Step [51/132], lr:6.78e-5 PSNR: 13.30, MSSSIM: 0.3881
[2026/04/16 00:29:00] Epoch[3/300], Step [101/132], lr:7.07e-5 PSNR: 14.11, MSSSIM: 0.4158
[2026/04/16 00:29:02] Epoch[3/300], Step [132/132], lr:7.24e-5 PSNR: 14.54, MSSSIM: 0.4216
	current: 14.54	 best: 14.54	 msssim_best: 0.4216	 Time/epoch: Current:9.79 Average:10.47
[2026/04/16 00:29:02] Epoch[4/300], Step [1/132], lr:7.25e-5 PSNR: 14.92, MSSSIM: 0.3740
[2026/04/16 00:29:06] Epoch[4/300], Step [51/132], lr:7.53e-5 PSNR: 16.02, MSSSIM: 0.4201
[2026/04/16 00:29:10] Epoch[4/300], Step [101/132], lr:7.82e-5 PSNR: 16.56, MSSSIM: 0.4574
[2026/04/16 00:29:12] Epoch[4/300], Step [132/132], lr:7.99e-5 PSNR: 16.73, MSSSIM: 0.4635
	current: 16.73	 best: 16.73	 msssim_best: 0.4635	 Time/epoch: Current:9.79 Average:10.32
[2026/04/16 00:29:12] Epoch[5/300], Step [1/132], lr:8.00e-5 PSNR: 16.44, MSSSIM: 0.4115
[2026/04/16 00:29:16] Epoch[5/300], Step [51/132], lr:8.28e-5 PSNR: 17.22, MSSSIM: 0.4492
[2026/04/16 00:29:19] Epoch[5/300], Step [101/132], lr:8.57e-5 PSNR: 17.74, MSSSIM: 0.4865
[2026/04/16 00:29:22] Epoch[5/300], Step [132/132], lr:8.74e-5 PSNR: 17.92, MSSSIM: 0.4915
	current: 17.92	 best: 17.92	 msssim_best: 0.4915	 Time/epoch: Current:9.77 Average:10.22
[2026/04/16 00:29:22] Epoch[6/300], Step [1/132], lr:8.75e-5 PSNR: 17.81, MSSSIM: 0.4316
[2026/04/16 00:29:26] Epoch[6/300], Step [51/132], lr:9.03e-5 PSNR: 18.23, MSSSIM: 0.4692
[2026/04/16 00:29:29] Epoch[6/300], Step [101/132], lr:9.32e-5 PSNR: 18.83, MSSSIM: 0.5092
[2026/04/16 00:29:32] Epoch[6/300], Step [132/132], lr:9.49e-5 PSNR: 18.96, MSSSIM: 0.5149
	current: 18.96	 best: 18.96	 msssim_best: 0.5149	 Time/epoch: Current:9.78 Average:10.16
[2026/04/16 00:29:32] Epoch[7/300], Step [1/132], lr:9.50e-5 PSNR: 18.61, MSSSIM: 0.4508
[2026/04/16 00:29:35] Epoch[7/300], Step [51/132], lr:9.78e-5 PSNR: 18.84, MSSSIM: 0.4879
[2026/04/16 00:29:39] Epoch[7/300], Step [101/132], lr:1.01e-4 PSNR: 19.45, MSSSIM: 0.5296
[2026/04/16 00:29:41] Epoch[7/300], Step [132/132], lr:1.02e-4 PSNR: 19.53, MSSSIM: 0.5355
	current: 19.53	 best: 19.53	 msssim_best: 0.5355	 Time/epoch: Current:9.78 Average:10.11
[2026/04/16 00:29:42] Epoch[8/300], Step [1/132], lr:1.03e-4 PSNR: 18.95, MSSSIM: 0.4675
[2026/04/16 00:29:45] Epoch[8/300], Step [51/132], lr:1.05e-4 PSNR: 19.24, MSSSIM: 0.5027
[2026/04/16 00:29:49] Epoch[8/300], Step [101/132], lr:1.08e-4 PSNR: 19.85, MSSSIM: 0.5460
[2026/04/16 00:29:51] Epoch[8/300], Step [132/132], lr:1.10e-4 PSNR: 19.83, MSSSIM: 0.5516
	current: 19.83	 best: 19.83	 msssim_best: 0.5516	 Time/epoch: Current:9.78 Average:10.08
[2026/04/16 00:29:51] Epoch[9/300], Step [1/132], lr:1.10e-4 PSNR: 18.68, MSSSIM: 0.4764
[2026/04/16 00:29:55] Epoch[9/300], Step [51/132], lr:1.13e-4 PSNR: 19.37, MSSSIM: 0.5128
[2026/04/16 00:29:59] Epoch[9/300], Step [101/132], lr:1.16e-4 PSNR: 20.08, MSSSIM: 0.5586
[2026/04/16 00:30:01] Epoch[9/300], Step [132/132], lr:1.17e-4 PSNR: 20.08, MSSSIM: 0.5652
	current: 20.08	 best: 20.08	 msssim_best: 0.5652	 Time/epoch: Current:9.80 Average:10.06
[2026/04/16 00:30:01] Epoch[10/300], Step [1/132], lr:1.17e-4 PSNR: 18.99, MSSSIM: 0.4902
[2026/04/16 00:30:05] Epoch[10/300], Step [51/132], lr:1.20e-4 PSNR: 19.58, MSSSIM: 0.5230
[2026/04/16 00:30:09] Epoch[10/300], Step [101/132], lr:1.23e-4 PSNR: 20.26, MSSSIM: 0.5703
[2026/04/16 00:30:11] Epoch[10/300], Step [132/132], lr:1.25e-4 PSNR: 20.34, MSSSIM: 0.5785
	current: 20.34	 best: 20.34	 msssim_best: 0.5785	 Time/epoch: Current:9.80 Average:10.04
[2026/04/16 00:30:11] Epoch[11/300], Step [1/132], lr:1.25e-4 PSNR: 19.88, MSSSIM: 0.5017
[2026/04/16 00:30:15] Epoch[11/300], Step [51/132], lr:1.28e-4 PSNR: 20.00, MSSSIM: 0.5345
[2026/04/16 00:30:19] Epoch[11/300], Step [101/132], lr:1.31e-4 PSNR: 20.67, MSSSIM: 0.5837
[2026/04/16 00:30:21] Epoch[11/300], Step [132/132], lr:1.32e-4 PSNR: 20.74, MSSSIM: 0.5936
	current: 20.74	 best: 20.74	 msssim_best: 0.5936	 Time/epoch: Current:9.83 Average:10.03
[2026/04/16 00:30:21] Epoch[12/300], Step [1/132], lr:1.33e-4 PSNR: 20.19, MSSSIM: 0.5129
[2026/04/16 00:30:25] Epoch[12/300], Step [51/132], lr:1.35e-4 PSNR: 20.27, MSSSIM: 0.5454
[2026/04/16 00:30:28] Epoch[12/300], Step [101/132], lr:1.38e-4 PSNR: 21.01, MSSSIM: 0.5972
[2026/04/16 00:30:31] Epoch[12/300], Step [132/132], lr:1.40e-4 PSNR: 21.10, MSSSIM: 0.6098
	current: 21.10	 best: 21.10	 msssim_best: 0.6098	 Time/epoch: Current:9.81 Average:10.02
[2026/04/16 00:30:31] Epoch[13/300], Step [1/132], lr:1.40e-4 PSNR: 20.44, MSSSIM: 0.5262
[2026/04/16 00:30:35] Epoch[13/300], Step [51/132], lr:1.43e-4 PSNR: 20.48, MSSSIM: 0.5564
[2026/04/16 00:30:38] Epoch[13/300], Step [101/132], lr:1.46e-4 PSNR: 21.26, MSSSIM: 0.6114
[2026/04/16 00:30:41] Epoch[13/300], Step [132/132], lr:1.47e-4 PSNR: 21.39, MSSSIM: 0.6276
	current: 21.39	 best: 21.39	 msssim_best: 0.6276	 Time/epoch: Current:9.85 Average:10.01
[2026/04/16 00:30:41] Epoch[14/300], Step [1/132], lr:1.48e-4 PSNR: 20.60, MSSSIM: 0.5395
[2026/04/16 00:30:45] Epoch[14/300], Step [51/132], lr:1.50e-4 PSNR: 20.66, MSSSIM: 0.5677
[2026/04/16 00:30:48] Epoch[14/300], Step [101/132], lr:1.53e-4 PSNR: 21.48, MSSSIM: 0.6268
[2026/04/16 00:30:51] Epoch[14/300], Step [132/132], lr:1.55e-4 PSNR: 21.65, MSSSIM: 0.6473
	current: 21.65	 best: 21.65	 msssim_best: 0.6473	 Time/epoch: Current:9.81 Average:10.00
[2026/04/16 00:30:51] Epoch[15/300], Step [1/132], lr:1.55e-4 PSNR: 20.69, MSSSIM: 0.5520
[2026/04/16 00:30:55] Epoch[15/300], Step [51/132], lr:1.58e-4 PSNR: 20.78, MSSSIM: 0.5784
[2026/04/16 00:30:58] Epoch[15/300], Step [101/132], lr:1.61e-4 PSNR: 21.59, MSSSIM: 0.6418
[2026/04/16 00:31:01] Epoch[15/300], Step [132/132], lr:1.62e-4 PSNR: 21.75, MSSSIM: 0.6662
	current: 21.75	 best: 21.75	 msssim_best: 0.6662	 Time/epoch: Current:9.83 Average:10.00
[2026/04/16 00:31:01] Epoch[16/300], Step [1/132], lr:1.63e-4 PSNR: 20.83, MSSSIM: 0.5625
[2026/04/16 00:31:04] Epoch[16/300], Step [51/132], lr:1.65e-4 PSNR: 20.80, MSSSIM: 0.5878
[2026/04/16 00:31:08] Epoch[16/300], Step [101/132], lr:1.68e-4 PSNR: 21.74, MSSSIM: 0.6557
[2026/04/16 00:31:10] Epoch[16/300], Step [132/132], lr:1.70e-4 PSNR: 21.92, MSSSIM: 0.6836
	current: 21.92	 best: 21.92	 msssim_best: 0.6836	 Time/epoch: Current:9.80 Average:9.99
[2026/04/16 00:31:11] Epoch[17/300], Step [1/132], lr:1.70e-4 PSNR: 21.02, MSSSIM: 0.5753
[2026/04/16 00:31:14] Epoch[17/300], Step [51/132], lr:1.73e-4 PSNR: 20.86, MSSSIM: 0.5967
[2026/04/16 00:31:18] Epoch[17/300], Step [101/132], lr:1.76e-4 PSNR: 21.92, MSSSIM: 0.6681
[2026/04/16 00:31:20] Epoch[17/300], Step [132/132], lr:1.77e-4 PSNR: 22.22, MSSSIM: 0.6987
	current: 22.22	 best: 22.22	 msssim_best: 0.6987	 Time/epoch: Current:9.78 Average:9.98
[2026/04/16 00:31:20] Epoch[18/300], Step [1/132], lr:1.78e-4 PSNR: 21.32, MSSSIM: 0.5889
[2026/04/16 00:31:24] Epoch[18/300], Step [51/132], lr:1.80e-4 PSNR: 20.99, MSSSIM: 0.6058
[2026/04/16 00:31:28] Epoch[18/300], Step [101/132], lr:1.83e-4 PSNR: 22.15, MSSSIM: 0.6798
[2026/04/16 00:31:30] Epoch[18/300], Step [132/132], lr:1.85e-4 PSNR: 22.51, MSSSIM: 0.7123
	current: 22.51	 best: 22.51	 msssim_best: 0.7123	 Time/epoch: Current:9.77 Average:9.97
[2026/04/16 00:31:30] Epoch[19/300], Step [1/132], lr:1.85e-4 PSNR: 21.00, MSSSIM: 0.6010
[2026/04/16 00:31:34] Epoch[19/300], Step [51/132], lr:1.88e-4 PSNR: 21.13, MSSSIM: 0.6156
[2026/04/16 00:31:37] Epoch[19/300], Step [101/132], lr:1.91e-4 PSNR: 22.36, MSSSIM: 0.6907
[2026/04/16 00:31:40] Epoch[19/300], Step [132/132], lr:1.92e-4 PSNR: 22.76, MSSSIM: 0.7246
	current: 22.76	 best: 22.76	 msssim_best: 0.7246	 Time/epoch: Current:9.51 Average:9.95
[2026/04/16 00:31:40] Epoch[20/300], Step [1/132], lr:1.93e-4 PSNR: 21.65, MSSSIM: 0.6147
[2026/04/16 00:31:43] Epoch[20/300], Step [51/132], lr:1.95e-4 PSNR: 21.23, MSSSIM: 0.6250
[2026/04/16 00:31:47] Epoch[20/300], Step [101/132], lr:1.98e-4 PSNR: 22.47, MSSSIM: 0.7006
[2026/04/16 00:31:49] Epoch[20/300], Step [132/132], lr:2.00e-4 PSNR: 22.91, MSSSIM: 0.7356
	current: 22.91	 best: 22.91	 msssim_best: 0.7356	 Time/epoch: Current:9.64 Average:9.94
[2026/04/16 00:31:50] Epoch[21/300], Step [1/132], lr:2.00e-4 PSNR: 21.77, MSSSIM: 0.6265
[2026/04/16 00:31:53] Epoch[21/300], Step [51/132], lr:2.03e-4 PSNR: 21.25, MSSSIM: 0.6331
[2026/04/16 00:31:57] Epoch[21/300], Step [101/132], lr:2.06e-4 PSNR: 22.53, MSSSIM: 0.7092
[2026/04/16 00:31:59] Epoch[21/300], Step [132/132], lr:2.07e-4 PSNR: 23.01, MSSSIM: 0.7451
	current: 23.01	 best: 23.01	 msssim_best: 0.7451	 Time/epoch: Current:9.80 Average:9.94
[2026/04/16 00:31:59] Epoch[22/300], Step [1/132], lr:2.08e-4 PSNR: 21.66, MSSSIM: 0.6362
[2026/04/16 00:32:03] Epoch[22/300], Step [51/132], lr:2.10e-4 PSNR: 21.44, MSSSIM: 0.6418
[2026/04/16 00:32:07] Epoch[22/300], Step [101/132], lr:2.13e-4 PSNR: 22.75, MSSSIM: 0.7179
[2026/04/16 00:32:09] Epoch[22/300], Step [132/132], lr:2.15e-4 PSNR: 23.24, MSSSIM: 0.7544
	current: 23.24	 best: 23.24	 msssim_best: 0.7544	 Time/epoch: Current:9.78 Average:9.93
[2026/04/16 00:32:09] Epoch[23/300], Step [1/132], lr:2.15e-4 PSNR: 21.45, MSSSIM: 0.6486
[2026/04/16 00:32:13] Epoch[23/300], Step [51/132], lr:2.18e-4 PSNR: 21.67, MSSSIM: 0.6512
[2026/04/16 00:32:17] Epoch[23/300], Step [101/132], lr:2.21e-4 PSNR: 22.99, MSSSIM: 0.7267
[2026/04/16 00:32:19] Epoch[23/300], Step [132/132], lr:2.22e-4 PSNR: 23.52, MSSSIM: 0.7636
	current: 23.52	 best: 23.52	 msssim_best: 0.7636	 Time/epoch: Current:9.79 Average:9.93
[2026/04/16 00:32:19] Epoch[24/300], Step [1/132], lr:2.22e-4 PSNR: 22.27, MSSSIM: 0.6627
[2026/04/16 00:32:23] Epoch[24/300], Step [51/132], lr:2.25e-4 PSNR: 21.81, MSSSIM: 0.6602
[2026/04/16 00:32:26] Epoch[24/300], Step [101/132], lr:2.28e-4 PSNR: 23.16, MSSSIM: 0.7347
[2026/04/16 00:32:29] Epoch[24/300], Step [132/132], lr:2.30e-4 PSNR: 23.69, MSSSIM: 0.7718
	current: 23.69	 best: 23.69	 msssim_best: 0.7718	 Time/epoch: Current:9.78 Average:9.93
[2026/04/16 00:32:29] Epoch[25/300], Step [1/132], lr:2.30e-4 PSNR: 22.51, MSSSIM: 0.6764
[2026/04/16 00:32:33] Epoch[25/300], Step [51/132], lr:2.33e-4 PSNR: 21.92, MSSSIM: 0.6687
[2026/04/16 00:32:36] Epoch[25/300], Step [101/132], lr:2.36e-4 PSNR: 23.31, MSSSIM: 0.7421
[2026/04/16 00:32:39] Epoch[25/300], Step [132/132], lr:2.37e-4 PSNR: 23.80, MSSSIM: 0.7791
	current: 23.80	 best: 23.80	 msssim_best: 0.7791	 Time/epoch: Current:9.77 Average:9.92
[2026/04/16 00:32:39] Epoch[26/300], Step [1/132], lr:2.37e-4 PSNR: 22.66, MSSSIM: 0.6895
[2026/04/16 00:32:42] Epoch[26/300], Step [51/132], lr:2.40e-4 PSNR: 22.13, MSSSIM: 0.6777
[2026/04/16 00:32:46] Epoch[26/300], Step [101/132], lr:2.43e-4 PSNR: 23.46, MSSSIM: 0.7494
[2026/04/16 00:32:48] Epoch[26/300], Step [132/132], lr:2.45e-4 PSNR: 23.91, MSSSIM: 0.7861
	current: 23.91	 best: 23.91	 msssim_best: 0.7861	 Time/epoch: Current:9.77 Average:9.92
[2026/04/16 00:32:49] Epoch[27/300], Step [1/132], lr:2.45e-4 PSNR: 22.87, MSSSIM: 0.7029
[2026/04/16 00:32:52] Epoch[27/300], Step [51/132], lr:2.48e-4 PSNR: 22.42, MSSSIM: 0.6873
[2026/04/16 00:32:56] Epoch[27/300], Step [101/132], lr:2.51e-4 PSNR: 23.69, MSSSIM: 0.7568
[2026/04/16 00:32:58] Epoch[27/300], Step [132/132], lr:2.52e-4 PSNR: 24.17, MSSSIM: 0.7931
	current: 24.17	 best: 24.17	 msssim_best: 0.7931	 Time/epoch: Current:9.78 Average:9.92
[2026/04/16 00:32:58] Epoch[28/300], Step [1/132], lr:2.53e-4 PSNR: 23.06, MSSSIM: 0.7156
[2026/04/16 00:33:02] Epoch[28/300], Step [51/132], lr:2.55e-4 PSNR: 22.62, MSSSIM: 0.6960
[2026/04/16 00:33:06] Epoch[28/300], Step [101/132], lr:2.58e-4 PSNR: 23.88, MSSSIM: 0.7637
[2026/04/16 00:33:08] Epoch[28/300], Step [132/132], lr:2.60e-4 PSNR: 24.40, MSSSIM: 0.7997
	current: 24.40	 best: 24.40	 msssim_best: 0.7997	 Time/epoch: Current:9.78 Average:9.91
[2026/04/16 00:33:08] Epoch[29/300], Step [1/132], lr:2.60e-4 PSNR: 23.17, MSSSIM: 0.7265
[2026/04/16 00:33:12] Epoch[29/300], Step [51/132], lr:2.63e-4 PSNR: 22.69, MSSSIM: 0.7034
[2026/04/16 00:33:16] Epoch[29/300], Step [101/132], lr:2.66e-4 PSNR: 24.03, MSSSIM: 0.7701
[2026/04/16 00:33:18] Epoch[29/300], Step [132/132], lr:2.67e-4 PSNR: 24.52, MSSSIM: 0.8054
	current: 24.52	 best: 24.52	 msssim_best: 0.8054	 Time/epoch: Current:9.79 Average:9.91
[2026/04/16 00:33:18] Epoch[30/300], Step [1/132], lr:2.67e-4 PSNR: 23.24, MSSSIM: 0.7364
[2026/04/16 00:33:22] Epoch[30/300], Step [51/132], lr:2.70e-4 PSNR: 22.67, MSSSIM: 0.7102
[2026/04/16 00:33:26] Epoch[30/300], Step [101/132], lr:2.73e-4 PSNR: 24.15, MSSSIM: 0.7759
[2026/04/16 00:33:28] Epoch[30/300], Step [132/132], lr:2.75e-4 PSNR: 24.67, MSSSIM: 0.8107
	current: 24.67	 best: 24.67	 msssim_best: 0.8107	 Time/epoch: Current:9.78 Average:9.91
[2026/04/16 00:33:28] Epoch[31/300], Step [1/132], lr:2.75e-4 PSNR: 23.34, MSSSIM: 0.7461
[2026/04/16 00:33:32] Epoch[31/300], Step [51/132], lr:2.78e-4 PSNR: 22.72, MSSSIM: 0.7169
[2026/04/16 00:33:35] Epoch[31/300], Step [101/132], lr:2.81e-4 PSNR: 24.18, MSSSIM: 0.7810
[2026/04/16 00:33:38] Epoch[31/300], Step [132/132], lr:2.82e-4 PSNR: 24.78, MSSSIM: 0.8155
	current: 24.78	 best: 24.78	 msssim_best: 0.8155	 Time/epoch: Current:9.78 Average:9.91
[2026/04/16 00:33:38] Epoch[32/300], Step [1/132], lr:2.83e-4 PSNR: 23.62, MSSSIM: 0.7575
[2026/04/16 00:33:42] Epoch[32/300], Step [51/132], lr:2.85e-4 PSNR: 22.93, MSSSIM: 0.7244
[2026/04/16 00:33:45] Epoch[32/300], Step [101/132], lr:2.88e-4 PSNR: 24.32, MSSSIM: 0.7865
[2026/04/16 00:33:48] Epoch[32/300], Step [132/132], lr:2.90e-4 PSNR: 24.86, MSSSIM: 0.8202
	current: 24.86	 best: 24.86	 msssim_best: 0.8202	 Time/epoch: Current:9.77 Average:9.91
[2026/04/16 00:33:48] Epoch[33/300], Step [1/132], lr:2.90e-4 PSNR: 23.64, MSSSIM: 0.7661
[2026/04/16 00:33:51] Epoch[33/300], Step [51/132], lr:2.93e-4 PSNR: 23.09, MSSSIM: 0.7312
[2026/04/16 00:33:55] Epoch[33/300], Step [101/132], lr:2.96e-4 PSNR: 24.45, MSSSIM: 0.7917
[2026/04/16 00:33:57] Epoch[33/300], Step [132/132], lr:2.97e-4 PSNR: 24.96, MSSSIM: 0.8247
	current: 24.96	 best: 24.96	 msssim_best: 0.8247	 Time/epoch: Current:9.79 Average:9.90
[2026/04/16 00:33:58] Epoch[34/300], Step [1/132], lr:2.97e-4 PSNR: 23.76, MSSSIM: 0.7732
[2026/04/16 00:34:01] Epoch[34/300], Step [51/132], lr:3.00e-4 PSNR: 23.23, MSSSIM: 0.7377
[2026/04/16 00:34:05] Epoch[34/300], Step [101/132], lr:3.03e-4 PSNR: 24.63, MSSSIM: 0.7967
[2026/04/16 00:34:07] Epoch[34/300], Step [132/132], lr:3.05e-4 PSNR: 25.10, MSSSIM: 0.8290
	current: 25.10	 best: 25.10	 msssim_best: 0.8290	 Time/epoch: Current:9.77 Average:9.90
[2026/04/16 00:34:07] Epoch[35/300], Step [1/132], lr:3.05e-4 PSNR: 23.94, MSSSIM: 0.7798
[2026/04/16 00:34:11] Epoch[35/300], Step [51/132], lr:3.08e-4 PSNR: 23.25, MSSSIM: 0.7435
[2026/04/16 00:34:15] Epoch[35/300], Step [101/132], lr:3.11e-4 PSNR: 24.69, MSSSIM: 0.8013
[2026/04/16 00:34:17] Epoch[35/300], Step [132/132], lr:3.12e-4 PSNR: 25.23, MSSSIM: 0.8330
	current: 25.23	 best: 25.23	 msssim_best: 0.8330	 Time/epoch: Current:9.77 Average:9.90
[2026/04/16 00:34:17] Epoch[36/300], Step [1/132], lr:3.13e-4 PSNR: 23.82, MSSSIM: 0.7866
[2026/04/16 00:34:21] Epoch[36/300], Step [51/132], lr:3.15e-4 PSNR: 23.19, MSSSIM: 0.7482
[2026/04/16 00:34:25] Epoch[36/300], Step [101/132], lr:3.18e-4 PSNR: 24.76, MSSSIM: 0.8056
[2026/04/16 00:34:27] Epoch[36/300], Step [132/132], lr:3.20e-4 PSNR: 25.35, MSSSIM: 0.8368
	current: 25.35	 best: 25.35	 msssim_best: 0.8368	 Time/epoch: Current:9.78 Average:9.90
[2026/04/16 00:34:27] Epoch[37/300], Step [1/132], lr:3.20e-4 PSNR: 23.74, MSSSIM: 0.7934
[2026/04/16 00:34:31] Epoch[37/300], Step [51/132], lr:3.23e-4 PSNR: 23.23, MSSSIM: 0.7534
[2026/04/16 00:34:34] Epoch[37/300], Step [101/132], lr:3.26e-4 PSNR: 24.79, MSSSIM: 0.8097
[2026/04/16 00:34:37] Epoch[37/300], Step [132/132], lr:3.27e-4 PSNR: 25.40, MSSSIM: 0.8403
	current: 25.40	 best: 25.40	 msssim_best: 0.8403	 Time/epoch: Current:9.76 Average:9.90
[2026/04/16 00:34:37] Epoch[38/300], Step [1/132], lr:3.28e-4 PSNR: 23.82, MSSSIM: 0.7995
[2026/04/16 00:34:41] Epoch[38/300], Step [51/132], lr:3.30e-4 PSNR: 23.41, MSSSIM: 0.7591
[2026/04/16 00:34:44] Epoch[38/300], Step [101/132], lr:3.33e-4 PSNR: 24.95, MSSSIM: 0.8143
[2026/04/16 00:34:47] Epoch[38/300], Step [132/132], lr:3.35e-4 PSNR: 25.59, MSSSIM: 0.8443
	current: 25.59	 best: 25.59	 msssim_best: 0.8443	 Time/epoch: Current:9.77 Average:9.90
[2026/04/16 00:34:47] Epoch[39/300], Step [1/132], lr:3.35e-4 PSNR: 24.15, MSSSIM: 0.8049
[2026/04/16 00:34:50] Epoch[39/300], Step [51/132], lr:3.38e-4 PSNR: 23.61, MSSSIM: 0.7648
[2026/04/16 00:34:54] Epoch[39/300], Step [101/132], lr:3.41e-4 PSNR: 25.12, MSSSIM: 0.8188
[2026/04/16 00:34:56] Epoch[39/300], Step [132/132], lr:3.42e-4 PSNR: 25.71, MSSSIM: 0.8479
	current: 25.71	 best: 25.71	 msssim_best: 0.8479	 Time/epoch: Current:9.78 Average:9.89
[2026/04/16 00:34:57] Epoch[40/300], Step [1/132], lr:3.43e-4 PSNR: 24.28, MSSSIM: 0.8102
[2026/04/16 00:35:00] Epoch[40/300], Step [51/132], lr:3.45e-4 PSNR: 23.68, MSSSIM: 0.7698
[2026/04/16 00:35:04] Epoch[40/300], Step [101/132], lr:3.48e-4 PSNR: 25.14, MSSSIM: 0.8228
[2026/04/16 00:35:06] Epoch[40/300], Step [132/132], lr:3.50e-4 PSNR: 25.70, MSSSIM: 0.8511
	current: 25.70	 best: 25.71	 msssim_best: 0.8511	 Time/epoch: Current:9.78 Average:9.89
[2026/04/16 00:35:06] Epoch[41/300], Step [1/132], lr:3.50e-4 PSNR: 24.48, MSSSIM: 0.8146
[2026/04/16 00:35:10] Epoch[41/300], Step [51/132], lr:3.53e-4 PSNR: 23.68, MSSSIM: 0.7740
[2026/04/16 00:35:14] Epoch[41/300], Step [101/132], lr:3.56e-4 PSNR: 25.18, MSSSIM: 0.8263
[2026/04/16 00:35:16] Epoch[41/300], Step [132/132], lr:3.57e-4 PSNR: 25.76, MSSSIM: 0.8541
	current: 25.76	 best: 25.76	 msssim_best: 0.8541	 Time/epoch: Current:9.77 Average:9.89
[2026/04/16 00:35:16] Epoch[42/300], Step [1/132], lr:3.58e-4 PSNR: 24.47, MSSSIM: 0.8169
[2026/04/16 00:35:20] Epoch[42/300], Step [51/132], lr:3.60e-4 PSNR: 23.75, MSSSIM: 0.7784
[2026/04/16 00:35:24] Epoch[42/300], Step [101/132], lr:3.63e-4 PSNR: 25.27, MSSSIM: 0.8301
[2026/04/16 00:35:26] Epoch[42/300], Step [132/132], lr:3.65e-4 PSNR: 25.89, MSSSIM: 0.8574
	current: 25.89	 best: 25.89	 msssim_best: 0.8574	 Time/epoch: Current:9.77 Average:9.89
[2026/04/16 00:35:26] Epoch[43/300], Step [1/132], lr:3.65e-4 PSNR: 24.78, MSSSIM: 0.8227
[2026/04/16 00:35:30] Epoch[43/300], Step [51/132], lr:3.68e-4 PSNR: 23.88, MSSSIM: 0.7830
[2026/04/16 00:35:34] Epoch[43/300], Step [101/132], lr:3.71e-4 PSNR: 25.44, MSSSIM: 0.8339
[2026/04/16 00:35:36] Epoch[43/300], Step [132/132], lr:3.72e-4 PSNR: 26.10, MSSSIM: 0.8608
	current: 26.10	 best: 26.10	 msssim_best: 0.8608	 Time/epoch: Current:9.77 Average:9.89
[2026/04/16 00:35:36] Epoch[44/300], Step [1/132], lr:3.73e-4 PSNR: 24.62, MSSSIM: 0.8275
[2026/04/16 00:35:40] Epoch[44/300], Step [51/132], lr:3.75e-4 PSNR: 24.05, MSSSIM: 0.7881
[2026/04/16 00:35:43] Epoch[44/300], Step [101/132], lr:3.78e-4 PSNR: 25.57, MSSSIM: 0.8381
[2026/04/16 00:35:46] Epoch[44/300], Step [132/132], lr:3.80e-4 PSNR: 26.25, MSSSIM: 0.8643
	current: 26.25	 best: 26.25	 msssim_best: 0.8643	 Time/epoch: Current:9.77 Average:9.89
[2026/04/16 00:35:46] Epoch[45/300], Step [1/132], lr:3.80e-4 PSNR: 24.70, MSSSIM: 0.8321
[2026/04/16 00:35:50] Epoch[45/300], Step [51/132], lr:3.83e-4 PSNR: 24.18, MSSSIM: 0.7929
[2026/04/16 00:35:53] Epoch[45/300], Step [101/132], lr:3.86e-4 PSNR: 25.66, MSSSIM: 0.8419
[2026/04/16 00:35:56] Epoch[45/300], Step [132/132], lr:3.87e-4 PSNR: 26.32, MSSSIM: 0.8675
	current: 26.32	 best: 26.32	 msssim_best: 0.8675	 Time/epoch: Current:9.77 Average:9.89
[2026/04/16 00:35:56] Epoch[46/300], Step [1/132], lr:3.88e-4 PSNR: 24.71, MSSSIM: 0.8357
[2026/04/16 00:35:59] Epoch[46/300], Step [51/132], lr:3.90e-4 PSNR: 24.11, MSSSIM: 0.7967
[2026/04/16 00:36:03] Epoch[46/300], Step [101/132], lr:3.93e-4 PSNR: 25.67, MSSSIM: 0.8451
[2026/04/16 00:36:05] Epoch[46/300], Step [132/132], lr:3.95e-4 PSNR: 26.29, MSSSIM: 0.8700
	current: 26.29	 best: 26.32	 msssim_best: 0.8700	 Time/epoch: Current:9.77 Average:9.89
[2026/04/16 00:36:06] Epoch[47/300], Step [1/132], lr:3.95e-4 PSNR: 24.47, MSSSIM: 0.8397
[2026/04/16 00:36:09] Epoch[47/300], Step [51/132], lr:3.98e-4 PSNR: 24.13, MSSSIM: 0.8005
[2026/04/16 00:36:13] Epoch[47/300], Step [101/132], lr:4.01e-4 PSNR: 25.74, MSSSIM: 0.8483
[2026/04/16 00:36:15] Epoch[47/300], Step [132/132], lr:4.02e-4 PSNR: 26.39, MSSSIM: 0.8727
	current: 26.39	 best: 26.39	 msssim_best: 0.8727	 Time/epoch: Current:9.76 Average:9.89
[2026/04/16 00:36:15] Epoch[48/300], Step [1/132], lr:4.03e-4 PSNR: 25.18, MSSSIM: 0.8432
[2026/04/16 00:36:19] Epoch[48/300], Step [51/132], lr:4.05e-4 PSNR: 24.19, MSSSIM: 0.8041
[2026/04/16 00:36:23] Epoch[48/300], Step [101/132], lr:4.08e-4 PSNR: 25.76, MSSSIM: 0.8513
[2026/04/16 00:36:25] Epoch[48/300], Step [132/132], lr:4.10e-4 PSNR: 26.42, MSSSIM: 0.8751
	current: 26.42	 best: 26.42	 msssim_best: 0.8751	 Time/epoch: Current:9.78 Average:9.89
[2026/04/16 00:36:25] Epoch[49/300], Step [1/132], lr:4.10e-4 PSNR: 25.03, MSSSIM: 0.8445
[2026/04/16 00:36:29] Epoch[49/300], Step [51/132], lr:4.13e-4 PSNR: 24.24, MSSSIM: 0.8074
[2026/04/16 00:36:33] Epoch[49/300], Step [101/132], lr:4.16e-4 PSNR: 25.77, MSSSIM: 0.8541
[2026/04/16 00:36:35] Epoch[49/300], Step [132/132], lr:4.17e-4 PSNR: 26.48, MSSSIM: 0.8774
	current: 26.48	 best: 26.48	 msssim_best: 0.8774	 Time/epoch: Current:9.76 Average:9.88
[2026/04/16 00:36:35] Epoch[50/300], Step [1/132], lr:4.18e-4 PSNR: 25.19, MSSSIM: 0.8468
[2026/04/16 00:36:39] Epoch[50/300], Step [51/132], lr:4.20e-4 PSNR: 24.27, MSSSIM: 0.8110
[2026/04/16 00:36:42] Epoch[50/300], Step [101/132], lr:4.23e-4 PSNR: 25.85, MSSSIM: 0.8570
[2026/04/16 00:36:45] Epoch[50/300], Step [132/132], lr:4.25e-4 PSNR: 26.55, MSSSIM: 0.8798
	current: 26.55	 best: 26.55	 msssim_best: 0.8798	 Time/epoch: Current:9.77 Average:9.88
Step [1/132], PSNR: 25.46, MSSSIM: 0.8493 FPS: 83.50
Step [51/132], PSNR: 23.79, MSSSIM: 0.7983 FPS: 84.04
Step [101/132], PSNR: 25.40, MSSSIM: 0.8467 FPS: 84.12
Eval best_PSNR at epoch50: current: 26.21	best: 26.21	best_msssim: 0.8711	Time: 5.93s
[2026/04/16 00:36:51] Epoch[51/300], Step [1/132], lr:4.25e-4 PSNR: 25.46, MSSSIM: 0.8493
[2026/04/16 00:36:55] Epoch[51/300], Step [51/132], lr:4.28e-4 PSNR: 24.28, MSSSIM: 0.8140
[2026/04/16 00:36:58] Epoch[51/300], Step [101/132], lr:4.31e-4 PSNR: 25.98, MSSSIM: 0.8594
[2026/04/16 00:37:01] Epoch[51/300], Step [132/132], lr:4.32e-4 PSNR: 26.62, MSSSIM: 0.8816
	current: 26.62	 best: 26.62	 msssim_best: 0.8816	 Time/epoch: Current:9.76 Average:10.00
[2026/04/16 00:37:01] Epoch[52/300], Step [1/132], lr:4.32e-4 PSNR: 23.99, MSSSIM: 0.8484
[2026/04/16 00:37:04] Epoch[52/300], Step [51/132], lr:4.35e-4 PSNR: 24.33, MSSSIM: 0.8174
[2026/04/16 00:37:08] Epoch[52/300], Step [101/132], lr:4.38e-4 PSNR: 26.03, MSSSIM: 0.8621
[2026/04/16 00:37:10] Epoch[52/300], Step [132/132], lr:4.40e-4 PSNR: 26.66, MSSSIM: 0.8837
	current: 26.66	 best: 26.66	 msssim_best: 0.8837	 Time/epoch: Current:9.76 Average:10.00
[2026/04/16 00:37:11] Epoch[53/300], Step [1/132], lr:4.40e-4 PSNR: 24.98, MSSSIM: 0.8495
[2026/04/16 00:37:14] Epoch[53/300], Step [51/132], lr:4.43e-4 PSNR: 24.47, MSSSIM: 0.8209
[2026/04/16 00:37:18] Epoch[53/300], Step [101/132], lr:4.46e-4 PSNR: 26.14, MSSSIM: 0.8650
[2026/04/16 00:37:20] Epoch[53/300], Step [132/132], lr:4.47e-4 PSNR: 26.77, MSSSIM: 0.8861
	current: 26.77	 best: 26.77	 msssim_best: 0.8861	 Time/epoch: Current:9.76 Average:9.99
[2026/04/16 00:37:20] Epoch[54/300], Step [1/132], lr:4.48e-4 PSNR: 25.49, MSSSIM: 0.8538
[2026/04/16 00:37:24] Epoch[54/300], Step [51/132], lr:4.50e-4 PSNR: 24.65, MSSSIM: 0.8249
[2026/04/16 00:37:28] Epoch[54/300], Step [101/132], lr:4.53e-4 PSNR: 26.27, MSSSIM: 0.8680
[2026/04/16 00:37:30] Epoch[54/300], Step [132/132], lr:4.55e-4 PSNR: 26.88, MSSSIM: 0.8885
	current: 26.88	 best: 26.88	 msssim_best: 0.8885	 Time/epoch: Current:9.76 Average:9.99
[2026/04/16 00:37:30] Epoch[55/300], Step [1/132], lr:4.55e-4 PSNR: 25.02, MSSSIM: 0.8518
[2026/04/16 00:37:34] Epoch[55/300], Step [51/132], lr:4.58e-4 PSNR: 24.80, MSSSIM: 0.8285
[2026/04/16 00:37:38] Epoch[55/300], Step [101/132], lr:4.61e-4 PSNR: 26.36, MSSSIM: 0.8707
[2026/04/16 00:37:40] Epoch[55/300], Step [132/132], lr:4.62e-4 PSNR: 26.94, MSSSIM: 0.8908
	current: 26.94	 best: 26.94	 msssim_best: 0.8908	 Time/epoch: Current:9.77 Average:9.99
[2026/04/16 00:37:40] Epoch[56/300], Step [1/132], lr:4.62e-4 PSNR: 25.31, MSSSIM: 0.8557
[2026/04/16 00:37:44] Epoch[56/300], Step [51/132], lr:4.65e-4 PSNR: 24.87, MSSSIM: 0.8317
[2026/04/16 00:37:47] Epoch[56/300], Step [101/132], lr:4.68e-4 PSNR: 26.37, MSSSIM: 0.8729
[2026/04/16 00:37:50] Epoch[56/300], Step [132/132], lr:4.70e-4 PSNR: 26.94, MSSSIM: 0.8925
	current: 26.94	 best: 26.94	 msssim_best: 0.8925	 Time/epoch: Current:9.79 Average:9.99
[2026/04/16 00:37:50] Epoch[57/300], Step [1/132], lr:4.70e-4 PSNR: 25.56, MSSSIM: 0.8597
[2026/04/16 00:37:54] Epoch[57/300], Step [51/132], lr:4.73e-4 PSNR: 25.00, MSSSIM: 0.8352
[2026/04/16 00:37:57] Epoch[57/300], Step [101/132], lr:4.76e-4 PSNR: 26.50, MSSSIM: 0.8754
[2026/04/16 00:38:00] Epoch[57/300], Step [132/132], lr:4.77e-4 PSNR: 27.09, MSSSIM: 0.8946
	current: 27.09	 best: 27.09	 msssim_best: 0.8946	 Time/epoch: Current:9.79 Average:9.98
[2026/04/16 00:38:00] Epoch[58/300], Step [1/132], lr:4.78e-4 PSNR: 25.82, MSSSIM: 0.8611
[2026/04/16 00:38:03] Epoch[58/300], Step [51/132], lr:4.80e-4 PSNR: 24.97, MSSSIM: 0.8375
[2026/04/16 00:38:07] Epoch[58/300], Step [101/132], lr:4.83e-4 PSNR: 26.54, MSSSIM: 0.8775
[2026/04/16 00:38:09] Epoch[58/300], Step [132/132], lr:4.85e-4 PSNR: 27.13, MSSSIM: 0.8962
	current: 27.13	 best: 27.13	 msssim_best: 0.8962	 Time/epoch: Current:9.79 Average:9.98
[2026/04/16 00:38:10] Epoch[59/300], Step [1/132], lr:4.85e-4 PSNR: 25.50, MSSSIM: 0.8617
[2026/04/16 00:38:13] Epoch[59/300], Step [51/132], lr:4.88e-4 PSNR: 24.97, MSSSIM: 0.8398
[2026/04/16 00:38:17] Epoch[59/300], Step [101/132], lr:4.91e-4 PSNR: 26.65, MSSSIM: 0.8798
[2026/04/16 00:38:19] Epoch[59/300], Step [132/132], lr:4.92e-4 PSNR: 27.23, MSSSIM: 0.8982
	current: 27.23	 best: 27.23	 msssim_best: 0.8982	 Time/epoch: Current:9.79 Average:9.98
[2026/04/16 00:38:19] Epoch[60/300], Step [1/132], lr:4.92e-4 PSNR: 25.62, MSSSIM: 0.8612
[2026/04/16 00:38:23] Epoch[60/300], Step [51/132], lr:4.95e-4 PSNR: 25.06, MSSSIM: 0.8423
[2026/04/16 00:38:27] Epoch[60/300], Step [101/132], lr:4.98e-4 PSNR: 26.74, MSSSIM: 0.8819
[2026/04/16 00:38:29] Epoch[60/300], Step [132/132], lr:5.00e-4 PSNR: 27.32, MSSSIM: 0.9001
	current: 27.32	 best: 27.32	 msssim_best: 0.9001	 Time/epoch: Current:9.79 Average:9.98
[2026/04/16 00:38:29] Epoch[61/300], Step [1/132], lr:5.00e-4 PSNR: 25.37, MSSSIM: 0.8580
[2026/04/16 00:38:33] Epoch[61/300], Step [51/132], lr:5.00e-4 PSNR: 25.02, MSSSIM: 0.8441
[2026/04/16 00:38:37] Epoch[61/300], Step [101/132], lr:5.00e-4 PSNR: 26.66, MSSSIM: 0.8834
[2026/04/16 00:38:39] Epoch[61/300], Step [132/132], lr:5.00e-4 PSNR: 27.25, MSSSIM: 0.9011
	current: 27.25	 best: 27.32	 msssim_best: 0.9011	 Time/epoch: Current:9.78 Average:9.97
[2026/04/16 00:38:39] Epoch[62/300], Step [1/132], lr:5.00e-4 PSNR: 25.88, MSSSIM: 0.8629
[2026/04/16 00:38:43] Epoch[62/300], Step [51/132], lr:5.00e-4 PSNR: 25.18, MSSSIM: 0.8473
[2026/04/16 00:38:47] Epoch[62/300], Step [101/132], lr:5.00e-4 PSNR: 26.84, MSSSIM: 0.8859
[2026/04/16 00:38:49] Epoch[62/300], Step [132/132], lr:5.00e-4 PSNR: 27.42, MSSSIM: 0.9031
	current: 27.42	 best: 27.42	 msssim_best: 0.9031	 Time/epoch: Current:9.78 Average:9.97
[2026/04/16 00:38:49] Epoch[63/300], Step [1/132], lr:5.00e-4 PSNR: 25.73, MSSSIM: 0.8642
[2026/04/16 00:38:53] Epoch[63/300], Step [51/132], lr:5.00e-4 PSNR: 25.33, MSSSIM: 0.8501
[2026/04/16 00:38:56] Epoch[63/300], Step [101/132], lr:5.00e-4 PSNR: 26.97, MSSSIM: 0.8880
[2026/04/16 00:38:59] Epoch[63/300], Step [132/132], lr:5.00e-4 PSNR: 27.50, MSSSIM: 0.9048
	current: 27.50	 best: 27.50	 msssim_best: 0.9048	 Time/epoch: Current:9.79 Average:9.97
[2026/04/16 00:38:59] Epoch[64/300], Step [1/132], lr:5.00e-4 PSNR: 25.19, MSSSIM: 0.8647
[2026/04/16 00:39:03] Epoch[64/300], Step [51/132], lr:5.00e-4 PSNR: 25.36, MSSSIM: 0.8520
[2026/04/16 00:39:06] Epoch[64/300], Step [101/132], lr:5.00e-4 PSNR: 27.00, MSSSIM: 0.8895
[2026/04/16 00:39:09] Epoch[64/300], Step [132/132], lr:5.00e-4 PSNR: 27.56, MSSSIM: 0.9062
	current: 27.56	 best: 27.56	 msssim_best: 0.9062	 Time/epoch: Current:9.79 Average:9.97
[2026/04/16 00:39:09] Epoch[65/300], Step [1/132], lr:5.00e-4 PSNR: 26.16, MSSSIM: 0.8705
[2026/04/16 00:39:12] Epoch[65/300], Step [51/132], lr:5.00e-4 PSNR: 25.41, MSSSIM: 0.8541
[2026/04/16 00:39:16] Epoch[65/300], Step [101/132], lr:5.00e-4 PSNR: 26.98, MSSSIM: 0.8910
[2026/04/16 00:39:18] Epoch[65/300], Step [132/132], lr:4.99e-4 PSNR: 27.56, MSSSIM: 0.9075
	current: 27.56	 best: 27.56	 msssim_best: 0.9075	 Time/epoch: Current:9.78 Average:9.97
[2026/04/16 00:39:19] Epoch[66/300], Step [1/132], lr:4.99e-4 PSNR: 25.64, MSSSIM: 0.8688
[2026/04/16 00:39:22] Epoch[66/300], Step [51/132], lr:4.99e-4 PSNR: 25.45, MSSSIM: 0.8564
[2026/04/16 00:39:26] Epoch[66/300], Step [101/132], lr:4.99e-4 PSNR: 27.00, MSSSIM: 0.8926
[2026/04/16 00:39:28] Epoch[66/300], Step [132/132], lr:4.99e-4 PSNR: 27.63, MSSSIM: 0.9089
	current: 27.63	 best: 27.63	 msssim_best: 0.9089	 Time/epoch: Current:9.79 Average:9.96
[2026/04/16 00:39:28] Epoch[67/300], Step [1/132], lr:4.99e-4 PSNR: 25.76, MSSSIM: 0.8685
[2026/04/16 00:39:32] Epoch[67/300], Step [51/132], lr:4.99e-4 PSNR: 25.56, MSSSIM: 0.8588
[2026/04/16 00:39:36] Epoch[67/300], Step [101/132], lr:4.99e-4 PSNR: 27.17, MSSSIM: 0.8946
[2026/04/16 00:39:38] Epoch[67/300], Step [132/132], lr:4.99e-4 PSNR: 27.78, MSSSIM: 0.9105
	current: 27.78	 best: 27.78	 msssim_best: 0.9105	 Time/epoch: Current:9.79 Average:9.96
[2026/04/16 00:39:38] Epoch[68/300], Step [1/132], lr:4.99e-4 PSNR: 25.53, MSSSIM: 0.8694
[2026/04/16 00:39:42] Epoch[68/300], Step [51/132], lr:4.99e-4 PSNR: 25.74, MSSSIM: 0.8618
[2026/04/16 00:39:46] Epoch[68/300], Step [101/132], lr:4.99e-4 PSNR: 27.35, MSSSIM: 0.8969
[2026/04/16 00:39:48] Epoch[68/300], Step [132/132], lr:4.99e-4 PSNR: 27.88, MSSSIM: 0.9122
	current: 27.88	 best: 27.88	 msssim_best: 0.9122	 Time/epoch: Current:9.78 Average:9.96
[2026/04/16 00:39:48] Epoch[69/300], Step [1/132], lr:4.99e-4 PSNR: 25.95, MSSSIM: 0.8746
[2026/04/16 00:39:52] Epoch[69/300], Step [51/132], lr:4.98e-4 PSNR: 25.76, MSSSIM: 0.8640
[2026/04/16 00:39:56] Epoch[69/300], Step [101/132], lr:4.98e-4 PSNR: 27.48, MSSSIM: 0.8987
[2026/04/16 00:39:58] Epoch[69/300], Step [132/132], lr:4.98e-4 PSNR: 27.98, MSSSIM: 0.9136
	current: 27.98	 best: 27.98	 msssim_best: 0.9136	 Time/epoch: Current:9.79 Average:9.96
[2026/04/16 00:39:58] Epoch[70/300], Step [1/132], lr:4.98e-4 PSNR: 26.16, MSSSIM: 0.8755
[2026/04/16 00:40:02] Epoch[70/300], Step [51/132], lr:4.98e-4 PSNR: 25.84, MSSSIM: 0.8660
[2026/04/16 00:40:05] Epoch[70/300], Step [101/132], lr:4.98e-4 PSNR: 27.49, MSSSIM: 0.9000
[2026/04/16 00:40:08] Epoch[70/300], Step [132/132], lr:4.98e-4 PSNR: 28.01, MSSSIM: 0.9148
	current: 28.01	 best: 28.01	 msssim_best: 0.9148	 Time/epoch: Current:9.79 Average:9.96
[2026/04/16 00:40:08] Epoch[71/300], Step [1/132], lr:4.98e-4 PSNR: 26.12, MSSSIM: 0.8743
[2026/04/16 00:40:12] Epoch[71/300], Step [51/132], lr:4.98e-4 PSNR: 25.84, MSSSIM: 0.8671
[2026/04/16 00:40:15] Epoch[71/300], Step [101/132], lr:4.98e-4 PSNR: 27.50, MSSSIM: 0.9010
[2026/04/16 00:40:18] Epoch[71/300], Step [132/132], lr:4.97e-4 PSNR: 28.07, MSSSIM: 0.9156
	current: 28.07	 best: 28.07	 msssim_best: 0.9156	 Time/epoch: Current:9.79 Average:9.96
[2026/04/16 00:40:18] Epoch[72/300], Step [1/132], lr:4.97e-4 PSNR: 25.98, MSSSIM: 0.8726
[2026/04/16 00:40:21] Epoch[72/300], Step [51/132], lr:4.97e-4 PSNR: 25.91, MSSSIM: 0.8689
[2026/04/16 00:40:25] Epoch[72/300], Step [101/132], lr:4.97e-4 PSNR: 27.55, MSSSIM: 0.9024
[2026/04/16 00:40:27] Epoch[72/300], Step [132/132], lr:4.97e-4 PSNR: 28.09, MSSSIM: 0.9166
	current: 28.09	 best: 28.09	 msssim_best: 0.9166	 Time/epoch: Current:9.78 Average:9.96
[2026/04/16 00:40:28] Epoch[73/300], Step [1/132], lr:4.97e-4 PSNR: 25.95, MSSSIM: 0.8708
[2026/04/16 00:40:31] Epoch[73/300], Step [51/132], lr:4.97e-4 PSNR: 25.83, MSSSIM: 0.8696
[2026/04/16 00:40:35] Epoch[73/300], Step [101/132], lr:4.97e-4 PSNR: 27.46, MSSSIM: 0.9027
[2026/04/16 00:40:37] Epoch[73/300], Step [132/132], lr:4.96e-4 PSNR: 28.03, MSSSIM: 0.9170
	current: 28.03	 best: 28.09	 msssim_best: 0.9170	 Time/epoch: Current:9.79 Average:9.95
[2026/04/16 00:40:37] Epoch[74/300], Step [1/132], lr:4.96e-4 PSNR: 26.31, MSSSIM: 0.8778
[2026/04/16 00:40:41] Epoch[74/300], Step [51/132], lr:4.96e-4 PSNR: 25.95, MSSSIM: 0.8717
[2026/04/16 00:40:45] Epoch[74/300], Step [101/132], lr:4.96e-4 PSNR: 27.60, MSSSIM: 0.9039
[2026/04/16 00:40:47] Epoch[74/300], Step [132/132], lr:4.96e-4 PSNR: 28.17, MSSSIM: 0.9181
	current: 28.17	 best: 28.17	 msssim_best: 0.9181	 Time/epoch: Current:9.78 Average:9.95
[2026/04/16 00:40:47] Epoch[75/300], Step [1/132], lr:4.96e-4 PSNR: 26.50, MSSSIM: 0.8808
[2026/04/16 00:40:51] Epoch[75/300], Step [51/132], lr:4.96e-4 PSNR: 26.15, MSSSIM: 0.8743
[2026/04/16 00:40:55] Epoch[75/300], Step [101/132], lr:4.95e-4 PSNR: 27.65, MSSSIM: 0.9055
